<!DOCTYPE html>
<html>
<head>
</head>
<body>
<script src="http://cdnjs.cloudflare.com/ajax/libs/angular.js/1.3.15/angular.min.js" type="text/javascript"></script><script src="http://ajax.googleapis.com/ajax/libs/angularjs/1.3.15/angular-animate.js" type="text/javascript"></script><script src="http://cdnjs.cloudflare.com/ajax/libs/angular-ui-router/0.2.13/angular-ui-router.min.js" type="text/javascript"></script>
</body>
</html>