<!DOCTYPE html>
<html>
<head>
</head>
<body>
<section><div>Implant A</div><div>Implant B</div></section>
</body>
</html>