<!DOCTYPE html>
<html>
<head>
</head>
<body>
<div>Target A</div>
<div>Target B</div>
</body>
</html>