<!DOCTYPE html>
<html>
<head>
</head>
<body>
ABC
</body>
</html>